#! /usr/bin/vvp
:ivl_version "12.0 (stable)";
:ivl_delay_selection "TYPICAL";
:vpi_time_precision - 11;
:vpi_module "/usr/lib/x86_64-linux-gnu/ivl/system.vpi";
:vpi_module "/usr/lib/x86_64-linux-gnu/ivl/vhdl_sys.vpi";
:vpi_module "/usr/lib/x86_64-linux-gnu/ivl/vhdl_textio.vpi";
:vpi_module "/usr/lib/x86_64-linux-gnu/ivl/v2005_math.vpi";
:vpi_module "/usr/lib/x86_64-linux-gnu/ivl/va_math.vpi";
S_0x612e6d9d1240 .scope module, "cl_tb" "cl_tb" 2 3;
 .timescale -9 -11;
v0x612e6d9e7080_0 .var "test_S", 1 0;
v0x612e6d9e7190_0 .var "test_a", 0 0;
v0x612e6d9e7250_0 .var "test_b", 0 0;
v0x612e6d9e7320_0 .net "test_out", 0 0, v0x612e6d9e6910_0;  1 drivers
S_0x612e6d9d13d0 .scope module, "uut" "cl" 2 9, 3 1 0, S_0x612e6d9d1240;
 .timescale -9 -11;
    .port_info 0 /OUTPUT 1 "out";
    .port_info 1 /INPUT 1 "a";
    .port_info 2 /INPUT 1 "b";
    .port_info 3 /INPUT 2 "S";
L_0x612e6d9e7410 .functor AND 1, v0x612e6d9e7190_0, v0x612e6d9e7250_0, C4<1>, C4<1>;
L_0x612e6d9e7570 .functor OR 1, v0x612e6d9e7190_0, v0x612e6d9e7250_0, C4<0>, C4<0>;
L_0x612e6d9e7630 .functor XOR 1, v0x612e6d9e7190_0, v0x612e6d9e7250_0, C4<0>, C4<0>;
L_0x612e6d9e76f0 .functor NOT 1, v0x612e6d9e7190_0, C4<0>, C4<0>, C4<0>;
v0x612e6d9e6a90_0 .net "S", 1 0, v0x612e6d9e7080_0;  1 drivers
v0x612e6d9e6b70_0 .net "a", 0 0, v0x612e6d9e7190_0;  1 drivers
v0x612e6d9e6c10_0 .net "b", 0 0, v0x612e6d9e7250_0;  1 drivers
v0x612e6d9e6cb0_0 .net "o1", 0 0, L_0x612e6d9e7410;  1 drivers
v0x612e6d9e6d50_0 .net "o2", 0 0, L_0x612e6d9e7570;  1 drivers
v0x612e6d9e6e40_0 .net "o3", 0 0, L_0x612e6d9e7630;  1 drivers
v0x612e6d9e6ee0_0 .net "o4", 0 0, L_0x612e6d9e76f0;  1 drivers
v0x612e6d9e6f80_0 .net "out", 0 0, v0x612e6d9e6910_0;  alias, 1 drivers
S_0x612e6d9cea90 .scope module, "mux1" "mux4_1" 3 14, 4 1 0, S_0x612e6d9d13d0;
 .timescale -9 -11;
    .port_info 0 /OUTPUT 1 "out";
    .port_info 1 /INPUT 1 "a";
    .port_info 2 /INPUT 1 "b";
    .port_info 3 /INPUT 1 "c";
    .port_info 4 /INPUT 1 "d";
    .port_info 5 /INPUT 2 "S";
v0x612e6d9cec70_0 .net "S", 1 0, v0x612e6d9e7080_0;  alias, 1 drivers
v0x612e6d9e65e0_0 .net "a", 0 0, L_0x612e6d9e7410;  alias, 1 drivers
v0x612e6d9e66a0_0 .net "b", 0 0, L_0x612e6d9e7570;  alias, 1 drivers
v0x612e6d9e6740_0 .net "c", 0 0, L_0x612e6d9e7630;  alias, 1 drivers
v0x612e6d9e6800_0 .net "d", 0 0, L_0x612e6d9e76f0;  alias, 1 drivers
v0x612e6d9e6910_0 .var "out", 0 0;
E_0x612e6d9cfee0/0 .event anyedge, v0x612e6d9cec70_0, v0x612e6d9e65e0_0, v0x612e6d9e66a0_0, v0x612e6d9e6740_0;
E_0x612e6d9cfee0/1 .event anyedge, v0x612e6d9e6800_0;
E_0x612e6d9cfee0 .event/or E_0x612e6d9cfee0/0, E_0x612e6d9cfee0/1;
    .scope S_0x612e6d9cea90;
T_0 ;
    %wait E_0x612e6d9cfee0;
    %load/vec4 v0x612e6d9cec70_0;
    %cmpi/e 0, 0, 2;
    %jmp/0xz  T_0.0, 4;
    %load/vec4 v0x612e6d9e65e0_0;
    %store/vec4 v0x612e6d9e6910_0, 0, 1;
    %jmp T_0.1;
T_0.0 ;
    %load/vec4 v0x612e6d9cec70_0;
    %cmpi/e 1, 0, 2;
    %jmp/0xz  T_0.2, 4;
    %load/vec4 v0x612e6d9e66a0_0;
    %store/vec4 v0x612e6d9e6910_0, 0, 1;
    %jmp T_0.3;
T_0.2 ;
    %load/vec4 v0x612e6d9cec70_0;
    %cmpi/e 2, 0, 2;
    %jmp/0xz  T_0.4, 4;
    %load/vec4 v0x612e6d9e6740_0;
    %store/vec4 v0x612e6d9e6910_0, 0, 1;
    %jmp T_0.5;
T_0.4 ;
    %load/vec4 v0x612e6d9e6800_0;
    %store/vec4 v0x612e6d9e6910_0, 0, 1;
T_0.5 ;
T_0.3 ;
T_0.1 ;
    %jmp T_0;
    .thread T_0, $push;
    .scope S_0x612e6d9d1240;
T_1 ;
    %vpi_call 2 12 "$monitor", "tiempo=%0d a=%b b=%b S=%b out=%b", $time, v0x612e6d9e7190_0, v0x612e6d9e7250_0, v0x612e6d9e7080_0, v0x612e6d9e7320_0 {0 0 0};
    %vpi_call 2 13 "$dumpfile", "cl_tb.vcd" {0 0 0};
    %vpi_call 2 14 "$dumpvars" {0 0 0};
    %pushi/vec4 0, 0, 1;
    %store/vec4 v0x612e6d9e7190_0, 0, 1;
    %pushi/vec4 0, 0, 1;
    %store/vec4 v0x612e6d9e7250_0, 0, 1;
    %pushi/vec4 0, 0, 2;
    %store/vec4 v0x612e6d9e7080_0, 0, 2;
    %delay 2000, 0;
    %pushi/vec4 1, 0, 1;
    %store/vec4 v0x612e6d9e7190_0, 0, 1;
    %pushi/vec4 0, 0, 1;
    %store/vec4 v0x612e6d9e7250_0, 0, 1;
    %pushi/vec4 0, 0, 2;
    %store/vec4 v0x612e6d9e7080_0, 0, 2;
    %delay 2000, 0;
    %pushi/vec4 0, 0, 1;
    %store/vec4 v0x612e6d9e7190_0, 0, 1;
    %pushi/vec4 1, 0, 1;
    %store/vec4 v0x612e6d9e7250_0, 0, 1;
    %pushi/vec4 1, 0, 2;
    %store/vec4 v0x612e6d9e7080_0, 0, 2;
    %delay 2000, 0;
    %pushi/vec4 1, 0, 1;
    %store/vec4 v0x612e6d9e7190_0, 0, 1;
    %pushi/vec4 1, 0, 1;
    %store/vec4 v0x612e6d9e7250_0, 0, 1;
    %pushi/vec4 2, 0, 2;
    %store/vec4 v0x612e6d9e7080_0, 0, 2;
    %delay 2000, 0;
    %pushi/vec4 1, 0, 1;
    %store/vec4 v0x612e6d9e7190_0, 0, 1;
    %pushi/vec4 0, 0, 1;
    %store/vec4 v0x612e6d9e7250_0, 0, 1;
    %pushi/vec4 3, 0, 2;
    %store/vec4 v0x612e6d9e7080_0, 0, 2;
    %delay 2000, 0;
    %pushi/vec4 0, 0, 1;
    %store/vec4 v0x612e6d9e7190_0, 0, 1;
    %pushi/vec4 1, 0, 1;
    %store/vec4 v0x612e6d9e7250_0, 0, 1;
    %pushi/vec4 3, 0, 2;
    %store/vec4 v0x612e6d9e7080_0, 0, 2;
    %delay 2000, 0;
    %pushi/vec4 1, 0, 1;
    %store/vec4 v0x612e6d9e7190_0, 0, 1;
    %pushi/vec4 1, 0, 1;
    %store/vec4 v0x612e6d9e7250_0, 0, 1;
    %pushi/vec4 3, 0, 2;
    %store/vec4 v0x612e6d9e7080_0, 0, 2;
    %delay 2000, 0;
    %vpi_call 2 37 "$finish" {0 0 0};
    %end;
    .thread T_1;
# The file index is used to find the file name in the following table.
:file_names 5;
    "N/A";
    "<interactive>";
    "cl_tb.v";
    "cl.v";
    "mux4_1.v";
